
*** src/infrastructure/repositories/sqlite_task_repository.rs:245:9: replace <impl TaskRepository for SqliteTaskRepository>::list_eligible -> anyhow::Result<Vec<ScheduledTask>> with Ok(vec![Default::default()])

*** mutation diff:
--- src/infrastructure/repositories/sqlite_task_repository.rs
+++ replace <impl TaskRepository for SqliteTaskRepository>::list_eligible -> anyhow::Result<Vec<ScheduledTask>> with Ok(vec![Default::default()])
@@ -237,40 +237,17 @@
             row_to_scheduled_task,
         )
         .optional()
         .inspect_err(|e| tracing::error!(task_id = id, error = %e, "failed to claim task"))
         .context("failed to claim task")
     }
 
     fn list_eligible(&self) -> anyhow::Result<Vec<ScheduledTask>> {
-        let conn = self
-            .db
-            .read()
-            .lock()
-            .inspect_err(|_| tracing::error!("database lock poisoned"))
-            .map_err(|_| anyhow::anyhow!("database lock poisoned"))?;
-        let mut stmt = conn
-            .prepare(&format!(
-                "SELECT {SELECT_COLUMNS} FROM tasks WHERE status = 'pending' AND run_at <= ?1 ORDER BY run_at ASC, id ASC"
-            ))
-            .inspect_err(|e| {
-                tracing::error!(error = %e, "failed to prepare list-eligible-tasks query")
-            })
-            .context("failed to prepare list-eligible-tasks query")?;
-        let rows = stmt
-            .query_map(
-                params![self.clock.now().to_rfc3339()],
-                row_to_scheduled_task,
-            )
-            .inspect_err(|e| tracing::error!(error = %e, "failed to list eligible tasks"))
-            .context("failed to list eligible tasks")?;
-        rows.collect::<Result<Vec<_>, _>>()
-            .inspect_err(|e| tracing::error!(error = %e, "failed to read eligible task row"))
-            .context("failed to read eligible task row")
+        Ok(vec![Default::default()]) /* ~ changed by cargo-mutants ~ */
     }
 
     fn list_running(&self) -> anyhow::Result<Vec<ScheduledTask>> {
         self.list_where("status = 'running'")
     }
 
     fn list_non_completed(&self) -> anyhow::Result<Vec<ScheduledTask>> {
         self.list_where("status IN ('pending', 'running')")


*** /Users/sergigp/.rustup/toolchains/stable-aarch64-apple-darwin/bin/cargo test --no-run --verbose --package=yarrtube@0.1.0
       Fresh unicode-ident v1.0.24
       Fresh cfg-if v1.0.4
       Fresh smallvec v1.16.0
       Fresh find-msvc-tools v0.1.12
       Fresh shlex v2.0.1
       Fresh once_cell v1.21.4
       Fresh pin-project-lite v0.2.17
       Fresh pkg-config v0.3.34
       Fresh memchr v2.8.3
       Fresh itoa v1.0.18
       Fresh bytes v1.12.1
       Fresh libc v0.2.189
       Fresh stable_deref_trait v1.2.1
       Fresh futures-core v0.3.34
       Fresh log v0.4.34
       Fresh scopeguard v1.2.0
       Fresh core-foundation-sys v0.8.7
       Fresh tracing-core v0.1.36
       Fresh bitflags v2.13.1
       Fresh futures-sink v0.3.34
       Fresh fs_extra v1.3.0
       Fresh foldhash v0.2.0
       Fresh dunce v1.0.5
       Fresh proc-macro2 v1.0.107
       Fresh jobserver v0.1.35
       Fresh parking_lot_core v0.9.12
       Fresh lock_api v0.4.14
       Fresh mio v1.2.3
       Fresh socket2 v0.6.5
       Fresh hashbrown v0.17.1
       Fresh http v1.5.0
       Fresh slab v0.4.12
       Fresh typenum v1.20.1
       Fresh writeable v0.6.4
       Fresh percent-encoding v2.3.2
       Fresh litemap v0.8.3
       Fresh quote v1.0.47
       Fresh cc v1.4.5
       Fresh parking_lot v0.12.5
       Fresh http-body v1.1.0
       Fresh hybrid-array v0.4.15
       Fresh mime v0.3.17
       Fresh futures-io v0.3.34
       Fresh equivalent v1.0.2
       Fresh utf8_iter v1.0.4
       Fresh syn v3.0.5
       Fresh syn v2.0.119
       Fresh cmake v0.1.58
       Fresh serde_core v1.0.229
       Fresh zeroize v1.9.0
       Fresh tower-service v0.3.3
       Fresh futures-task v0.3.34
       Fresh unicase v2.9.0
       Fresh indexmap v2.14.2
       Fresh synstructure v0.13.2
       Fresh zerovec-derive v0.11.6
       Fresh tokio-macros v2.7.2
       Fresh tracing-attributes v0.1.31
       Fresh displaydoc v0.2.7
       Fresh futures-util v0.3.34
       Fresh serde_derive v1.0.229
       Fresh atomic-waker v1.1.2
       Fresh fnv v1.0.7
       Fresh try-lock v0.2.5
       Fresh httpdate v1.0.3
       Fresh httparse v1.10.1
       Fresh system-configuration-sys v0.6.0
       Fresh zerofrom-derive v0.1.7
       Fresh yoke-derive v0.8.2
       Fresh tracing v0.1.44
       Fresh tokio v1.53.1
       Fresh serde v1.0.229
       Fresh want v0.3.1
       Fresh rustls-pki-types v1.15.1
       Fresh icu_properties_data v2.3.0
       Fresh icu_normalizer_data v2.3.0
       Fresh block-buffer v0.12.1
       Fresh crypto-common v0.2.2
       Fresh form_urlencoded v1.2.2
       Fresh zerofrom v0.1.8
       Fresh tokio-util v0.7.19
       Fresh aws-lc-sys v0.45.0
       Fresh futures-channel v0.3.34
       Fresh core-foundation v0.9.4
       Fresh untrusted v0.9.0
       Fresh const-oid v0.10.2
       Fresh mime_guess v2.0.5
       Fresh zmij v1.0.23
       Fresh http-body-util v0.1.5
       Fresh yoke v0.8.3
       Fresh aws-lc-rs v1.18.1
       Fresh h2 v0.4.19
       Fresh system-configuration v0.7.0
       Fresh digest v0.11.3
       Fresh sync_wrapper v1.0.2
       Fresh cpufeatures v0.3.1
       Fresh aho-corasick v1.1.5
       Fresh base64 v0.22.1
       Fresh tower-layer v0.3.3
       Fresh regex-syntax v0.8.11
       Fresh zerovec v0.11.8
       Fresh zerotrie v0.2.5
       Fresh hyper v1.11.1
       Fresh rustls-webpki v0.103.15
       Fresh vcpkg v0.2.15
       Fresh ipnet v2.12.2
       Fresh subtle v2.6.1
       Fresh same-file v1.0.6
       Fresh getrandom v0.3.4
       Fresh serde_json v1.0.151
       Fresh zerocopy v0.8.56
       Fresh sha2 v0.11.0
       Fresh regex-automata v0.4.18
       Fresh ryu v1.0.23
       Fresh autocfg v1.5.1
       Fresh tinystr v0.8.4
       Fresh potential_utf v0.1.6
       Fresh hyper-util v0.1.20
       Fresh walkdir v2.5.0
       Fresh rustls v0.23.43
       Fresh utf8parse v0.2.2
       Fresh serde_urlencoded v0.7.1
       Fresh ppv-lite86 v0.2.21
       Fresh rand_core v0.9.5
       Fresh tower v0.5.3
       Fresh security-framework-sys v2.17.0
       Fresh core-foundation v0.10.1
       Fresh icu_locale_core v2.3.0
       Fresh icu_collections v2.3.0
       Fresh anstyle-parse v1.0.0
       Fresh anstyle v1.0.14
       Fresh is_terminal_polyfill v1.70.2
       Fresh colorchoice v1.0.5
       Fresh anstyle-query v1.1.5
       Fresh tokio-rustls v0.26.5
       Fresh rand_chacha v0.9.0
       Fresh security-framework v3.7.0
       Fresh icu_provider v2.3.1
       Fresh anstream v1.0.0
       Fresh getrandom v0.4.3
       Fresh libsqlite3-sys v0.38.2
       Fresh hashlink v0.12.2
       Fresh errno v0.3.14
       Fresh fallible-streaming-iterator v0.1.9
       Fresh strsim v0.11.1
       Fresh lazy_static v1.5.0
       Fresh fallible-iterator v0.3.0
       Fresh heck v0.5.0
       Fresh icu_normalizer v2.3.0
       Fresh icu_properties v2.3.0
       Fresh http-range-header v0.4.2
       Fresh clap_lex v1.1.0
       Fresh tinyvec_macros v0.1.1
       Fresh rustix v1.1.5
       Fresh rusqlite v0.40.2
       Fresh clap_derive v4.6.4
       Fresh sharded-slab v0.1.7
       Fresh num-traits v0.2.19
       Fresh rand v0.9.5
       Fresh hyper-rustls v0.27.9
       Fresh idna_adapter v1.2.2
       Fresh clap_builder v4.6.6
       Fresh tinyvec v1.13.2
       Fresh rust-embed-impl v8.12.0
       Fresh rustls-platform-verifier v0.7.0
       Fresh rust-embed-utils v8.12.0
       Fresh assert-json-diff v2.0.2
       Fresh regex v1.13.1
       Fresh matchers v0.2.0
       Fresh axum-core v0.5.6
       Fresh axum-macros v0.5.1
       Fresh serde_path_to_error v0.1.20
       Fresh iana-time-zone v0.1.65
       Fresh tracing-log v0.2.0
       Fresh encoding_rs v0.8.35
       Fresh idna v1.1.0
       Fresh thread_local v1.1.10
       Fresh similar v2.7.0
       Fresh fastrand v2.5.0
       Fresh matchit v0.8.4
       Fresh colored v3.1.1
       Fresh nu-ansi-term v0.50.3
       Fresh unicode-normalization v0.1.25
       Fresh clap v4.6.6
       Fresh rust-embed v8.12.0
       Fresh chrono v0.4.45
       Fresh anyhow v1.0.104
       Fresh unicode-general-category v1.1.0
       Fresh rusqlite_migration v2.6.0
       Fresh uuid v1.26.1
       Fresh url v2.5.8
       Fresh mockito v1.7.2
       Fresh axum v0.8.9
       Fresh tempfile v3.27.0
       Fresh tracing-subscriber v0.3.23
       Fresh quick-xml v0.37.5
       Fresh mutants v0.0.4
       Fresh dotenvy v0.15.7
       Fresh tower-http v0.6.11
       Fresh reqwest v0.13.4
       Dirty yarrtube v0.1.0 (/private/var/folders/w4/_16cwkm94vz2l64zmlj9zfb40000gn/T/cargo-mutants-space-tasks-CrS6uw.tmp): the file `src/infrastructure/repositories/sqlite_task_repository.rs` has changed (1790863861.041295793s, 11s after last build at 1790863850.780058361s)
   Compiling yarrtube v0.1.0 (/private/var/folders/w4/_16cwkm94vz2l64zmlj9zfb40000gn/T/cargo-mutants-space-tasks-CrS6uw.tmp)
     Running `/Users/sergigp/.rustup/toolchains/stable-aarch64-apple-darwin/bin/rustc --crate-name yarrtube --edition=2024 src/main.rs --error-format=json --json=diagnostic-rendered-ansi,artifacts,future-incompat --emit=dep-info,link -C embed-bitcode=no -C debuginfo=2 -C split-debuginfo=unpacked --test --check-cfg 'cfg(docsrs,test)' --check-cfg 'cfg(feature, values())' -C metadata=523107c10a88ce59 -C extra-filename=-c3f4da2c26ea1791 --out-dir /private/var/folders/w4/_16cwkm94vz2l64zmlj9zfb40000gn/T/cargo-mutants-space-tasks-CrS6uw.tmp/target/debug/deps -C incremental=/private/var/folders/w4/_16cwkm94vz2l64zmlj9zfb40000gn/T/cargo-mutants-space-tasks-CrS6uw.tmp/target/debug/incremental -L dependency=/private/var/folders/w4/_16cwkm94vz2l64zmlj9zfb40000gn/T/cargo-mutants-space-tasks-CrS6uw.tmp/target/debug/deps --extern anyhow=/private/var/folders/w4/_16cwkm94vz2l64zmlj9zfb40000gn/T/cargo-mutants-space-tasks-CrS6uw.tmp/target/debug/deps/libanyhow-a3e722315030dbb7.rlib --extern axum=/private/var/folders/w4/_16cwkm94vz2l64zmlj9zfb40000gn/T/cargo-mutants-space-tasks-CrS6uw.tmp/target/debug/deps/libaxum-b62258a689183b23.rlib --extern chrono=/private/var/folders/w4/_16cwkm94vz2l64zmlj9zfb40000gn/T/cargo-mutants-space-tasks-CrS6uw.tmp/target/debug/deps/libchrono-e96d27e4f6ec9fe6.rlib --extern clap=/private/var/folders/w4/_16cwkm94vz2l64zmlj9zfb40000gn/T/cargo-mutants-space-tasks-CrS6uw.tmp/target/debug/deps/libclap-d49cb7b649572ffc.rlib --extern dotenvy=/private/var/folders/w4/_16cwkm94vz2l64zmlj9zfb40000gn/T/cargo-mutants-space-tasks-CrS6uw.tmp/target/debug/deps/libdotenvy-ae736684bd2dd62b.rlib --extern mockito=/private/var/folders/w4/_16cwkm94vz2l64zmlj9zfb40000gn/T/cargo-mutants-space-tasks-CrS6uw.tmp/target/debug/deps/libmockito-c5e84767c03a3dcf.rlib --extern mutants=/private/var/folders/w4/_16cwkm94vz2l64zmlj9zfb40000gn/T/cargo-mutants-space-tasks-CrS6uw.tmp/target/debug/deps/libmutants-ae0ad741ebfa087e.dylib --extern quick_xml=/private/var/folders/w4/_16cwkm94vz2l64zmlj9zfb40000gn/T/cargo-mutants-space-tasks-CrS6uw.tmp/target/debug/deps/libquick_xml-f9d465f163b5cf3b.rlib --extern reqwest=/private/var/folders/w4/_16cwkm94vz2l64zmlj9zfb40000gn/T/cargo-mutants-space-tasks-CrS6uw.tmp/target/debug/deps/libreqwest-8ea9b7d271aff702.rlib --extern rusqlite=/private/var/folders/w4/_16cwkm94vz2l64zmlj9zfb40000gn/T/cargo-mutants-space-tasks-CrS6uw.tmp/target/debug/deps/librusqlite-1457e7ccdaf1c07b.rlib --extern rusqlite_migration=/private/var/folders/w4/_16cwkm94vz2l64zmlj9zfb40000gn/T/cargo-mutants-space-tasks-CrS6uw.tmp/target/debug/deps/librusqlite_migration-82a1471469613bd5.rlib --extern rust_embed=/private/var/folders/w4/_16cwkm94vz2l64zmlj9zfb40000gn/T/cargo-mutants-space-tasks-CrS6uw.tmp/target/debug/deps/librust_embed-bee599151744a674.rlib --extern serde=/private/var/folders/w4/_16cwkm94vz2l64zmlj9zfb40000gn/T/cargo-mutants-space-tasks-CrS6uw.tmp/target/debug/deps/libserde-51ae1362cb9a2430.rlib --extern serde_json=/private/var/folders/w4/_16cwkm94vz2l64zmlj9zfb40000gn/T/cargo-mutants-space-tasks-CrS6uw.tmp/target/debug/deps/libserde_json-6d36b07c909e5b31.rlib --extern tempfile=/private/var/folders/w4/_16cwkm94vz2l64zmlj9zfb40000gn/T/cargo-mutants-space-tasks-CrS6uw.tmp/target/debug/deps/libtempfile-0b3a1cfccaeb801f.rlib --extern tokio=/private/var/folders/w4/_16cwkm94vz2l64zmlj9zfb40000gn/T/cargo-mutants-space-tasks-CrS6uw.tmp/target/debug/deps/libtokio-ff3ce83c921f97e1.rlib --extern tower=/private/var/folders/w4/_16cwkm94vz2l64zmlj9zfb40000gn/T/cargo-mutants-space-tasks-CrS6uw.tmp/target/debug/deps/libtower-99e30d590c0e012f.rlib --extern tower_http=/private/var/folders/w4/_16cwkm94vz2l64zmlj9zfb40000gn/T/cargo-mutants-space-tasks-CrS6uw.tmp/target/debug/deps/libtower_http-ce0affde67d7b74e.rlib --extern tracing=/private/var/folders/w4/_16cwkm94vz2l64zmlj9zfb40000gn/T/cargo-mutants-space-tasks-CrS6uw.tmp/target/debug/deps/libtracing-b39e31eadac33040.rlib --extern tracing_subscriber=/private/var/folders/w4/_16cwkm94vz2l64zmlj9zfb40000gn/T/cargo-mutants-space-tasks-CrS6uw.tmp/target/debug/deps/libtracing_subscriber-75e521eb0c21eb12.rlib --extern unicode_general_category=/private/var/folders/w4/_16cwkm94vz2l64zmlj9zfb40000gn/T/cargo-mutants-space-tasks-CrS6uw.tmp/target/debug/deps/libunicode_general_category-daec6c8caa9702fe.rlib --extern unicode_normalization=/private/var/folders/w4/_16cwkm94vz2l64zmlj9zfb40000gn/T/cargo-mutants-space-tasks-CrS6uw.tmp/target/debug/deps/libunicode_normalization-49a3ff6f44fd15a5.rlib --extern uuid=/private/var/folders/w4/_16cwkm94vz2l64zmlj9zfb40000gn/T/cargo-mutants-space-tasks-CrS6uw.tmp/target/debug/deps/libuuid-66382fa1bf2c7e67.rlib -L native=/private/var/folders/w4/_16cwkm94vz2l64zmlj9zfb40000gn/T/cargo-mutants-space-tasks-CrS6uw.tmp/target/debug/build/aws-lc-sys-5e23f58c0f00a8cd/out -L native=/private/var/folders/w4/_16cwkm94vz2l64zmlj9zfb40000gn/T/cargo-mutants-space-tasks-CrS6uw.tmp/target/debug/build/libsqlite3-sys-fbc93dcdc1ea513a/out`
error[E0277]: the trait bound `scheduled_task::ScheduledTask: std::default::Default` is not satisfied
   --> src/infrastructure/repositories/sqlite_task_repository.rs:245:17
    |
245 |         Ok(vec![Default::default()]) /* ~ changed by cargo-mutants ~ */
    |                 ^^^^^^^^^^^^^^^^^^ unsatisfied trait bound
    |
help: the trait `std::default::Default` is not implemented for `scheduled_task::ScheduledTask`
   --> src/domain/task/scheduled_task.rs:48:1
    |
 48 | pub struct ScheduledTask {
    | ^^^^^^^^^^^^^^^^^^^^^^^^

For more information about this error, try `rustc --explain E0277`.
error: could not compile `yarrtube` (bin "yarrtube" test) due to 1 previous error

Caused by:
  process didn't exit successfully: `/Users/sergigp/.rustup/toolchains/stable-aarch64-apple-darwin/bin/rustc --crate-name yarrtube --edition=2024 src/main.rs --error-format=json --json=diagnostic-rendered-ansi,artifacts,future-incompat --emit=dep-info,link -C embed-bitcode=no -C debuginfo=2 -C split-debuginfo=unpacked --test --check-cfg 'cfg(docsrs,test)' --check-cfg 'cfg(feature, values())' -C metadata=523107c10a88ce59 -C extra-filename=-c3f4da2c26ea1791 --out-dir /private/var/folders/w4/_16cwkm94vz2l64zmlj9zfb40000gn/T/cargo-mutants-space-tasks-CrS6uw.tmp/target/debug/deps -C incremental=/private/var/folders/w4/_16cwkm94vz2l64zmlj9zfb40000gn/T/cargo-mutants-space-tasks-CrS6uw.tmp/target/debug/incremental -L dependency=/private/var/folders/w4/_16cwkm94vz2l64zmlj9zfb40000gn/T/cargo-mutants-space-tasks-CrS6uw.tmp/target/debug/deps --extern anyhow=/private/var/folders/w4/_16cwkm94vz2l64zmlj9zfb40000gn/T/cargo-mutants-space-tasks-CrS6uw.tmp/target/debug/deps/libanyhow-a3e722315030dbb7.rlib --extern axum=/private/var/folders/w4/_16cwkm94vz2l64zmlj9zfb40000gn/T/cargo-mutants-space-tasks-CrS6uw.tmp/target/debug/deps/libaxum-b62258a689183b23.rlib --extern chrono=/private/var/folders/w4/_16cwkm94vz2l64zmlj9zfb40000gn/T/cargo-mutants-space-tasks-CrS6uw.tmp/target/debug/deps/libchrono-e96d27e4f6ec9fe6.rlib --extern clap=/private/var/folders/w4/_16cwkm94vz2l64zmlj9zfb40000gn/T/cargo-mutants-space-tasks-CrS6uw.tmp/target/debug/deps/libclap-d49cb7b649572ffc.rlib --extern dotenvy=/private/var/folders/w4/_16cwkm94vz2l64zmlj9zfb40000gn/T/cargo-mutants-space-tasks-CrS6uw.tmp/target/debug/deps/libdotenvy-ae736684bd2dd62b.rlib --extern mockito=/private/var/folders/w4/_16cwkm94vz2l64zmlj9zfb40000gn/T/cargo-mutants-space-tasks-CrS6uw.tmp/target/debug/deps/libmockito-c5e84767c03a3dcf.rlib --extern mutants=/private/var/folders/w4/_16cwkm94vz2l64zmlj9zfb40000gn/T/cargo-mutants-space-tasks-CrS6uw.tmp/target/debug/deps/libmutants-ae0ad741ebfa087e.dylib --extern quick_xml=/private/var/folders/w4/_16cwkm94vz2l64zmlj9zfb40000gn/T/cargo-mutants-space-tasks-CrS6uw.tmp/target/debug/deps/libquick_xml-f9d465f163b5cf3b.rlib --extern reqwest=/private/var/folders/w4/_16cwkm94vz2l64zmlj9zfb40000gn/T/cargo-mutants-space-tasks-CrS6uw.tmp/target/debug/deps/libreqwest-8ea9b7d271aff702.rlib --extern rusqlite=/private/var/folders/w4/_16cwkm94vz2l64zmlj9zfb40000gn/T/cargo-mutants-space-tasks-CrS6uw.tmp/target/debug/deps/librusqlite-1457e7ccdaf1c07b.rlib --extern rusqlite_migration=/private/var/folders/w4/_16cwkm94vz2l64zmlj9zfb40000gn/T/cargo-mutants-space-tasks-CrS6uw.tmp/target/debug/deps/librusqlite_migration-82a1471469613bd5.rlib --extern rust_embed=/private/var/folders/w4/_16cwkm94vz2l64zmlj9zfb40000gn/T/cargo-mutants-space-tasks-CrS6uw.tmp/target/debug/deps/librust_embed-bee599151744a674.rlib --extern serde=/private/var/folders/w4/_16cwkm94vz2l64zmlj9zfb40000gn/T/cargo-mutants-space-tasks-CrS6uw.tmp/target/debug/deps/libserde-51ae1362cb9a2430.rlib --extern serde_json=/private/var/folders/w4/_16cwkm94vz2l64zmlj9zfb40000gn/T/cargo-mutants-space-tasks-CrS6uw.tmp/target/debug/deps/libserde_json-6d36b07c909e5b31.rlib --extern tempfile=/private/var/folders/w4/_16cwkm94vz2l64zmlj9zfb40000gn/T/cargo-mutants-space-tasks-CrS6uw.tmp/target/debug/deps/libtempfile-0b3a1cfccaeb801f.rlib --extern tokio=/private/var/folders/w4/_16cwkm94vz2l64zmlj9zfb40000gn/T/cargo-mutants-space-tasks-CrS6uw.tmp/target/debug/deps/libtokio-ff3ce83c921f97e1.rlib --extern tower=/private/var/folders/w4/_16cwkm94vz2l64zmlj9zfb40000gn/T/cargo-mutants-space-tasks-CrS6uw.tmp/target/debug/deps/libtower-99e30d590c0e012f.rlib --extern tower_http=/private/var/folders/w4/_16cwkm94vz2l64zmlj9zfb40000gn/T/cargo-mutants-space-tasks-CrS6uw.tmp/target/debug/deps/libtower_http-ce0affde67d7b74e.rlib --extern tracing=/private/var/folders/w4/_16cwkm94vz2l64zmlj9zfb40000gn/T/cargo-mutants-space-tasks-CrS6uw.tmp/target/debug/deps/libtracing-b39e31eadac33040.rlib --extern tracing_subscriber=/private/var/folders/w4/_16cwkm94vz2l64zmlj9zfb40000gn/T/cargo-mutants-space-tasks-CrS6uw.tmp/target/debug/deps/libtracing_subscriber-75e521eb0c21eb12.rlib --extern unicode_general_category=/private/var/folders/w4/_16cwkm94vz2l64zmlj9zfb40000gn/T/cargo-mutants-space-tasks-CrS6uw.tmp/target/debug/deps/libunicode_general_category-daec6c8caa9702fe.rlib --extern unicode_normalization=/private/var/folders/w4/_16cwkm94vz2l64zmlj9zfb40000gn/T/cargo-mutants-space-tasks-CrS6uw.tmp/target/debug/deps/libunicode_normalization-49a3ff6f44fd15a5.rlib --extern uuid=/private/var/folders/w4/_16cwkm94vz2l64zmlj9zfb40000gn/T/cargo-mutants-space-tasks-CrS6uw.tmp/target/debug/deps/libuuid-66382fa1bf2c7e67.rlib -L native=/private/var/folders/w4/_16cwkm94vz2l64zmlj9zfb40000gn/T/cargo-mutants-space-tasks-CrS6uw.tmp/target/debug/build/aws-lc-sys-5e23f58c0f00a8cd/out -L native=/private/var/folders/w4/_16cwkm94vz2l64zmlj9zfb40000gn/T/cargo-mutants-space-tasks-CrS6uw.tmp/target/debug/build/libsqlite3-sys-fbc93dcdc1ea513a/out` (exit status: 1)

*** result: Failure(101)
